// Jest Snapshot v1, https://goo.gl/fbAQLP

exports[`Card component should render UI as expected 1`] = `
<div
  className="Card"
>
  <button
    onClick={[Function]}
    type="button"
  >
    delete
  </button>
  <h3>
    Test1
  </h3>
  <p>
    Content1
  </p>
</div>
`;
